185.119.1.255 - p.metodlab.ru [27/May/2024:13:26:25 +0300] "GET /img/gallery/2023/3/Sat_Mar_18_13:22:29_2023/small/fb032efbc5f422b9ba4e29187f54a335.jpg HTTP/3.0" 200 16335 "https://p.metodlab.ru/brands/roads_711" "Mozilla/5.0 (Windows NT 10.0; Win64; x64; ) AppleWebKit/537.36 (KHTML, like Gecko) Chrome/122.0.6261.139 Not(A:Brand/24 YaBrowser/24.4.3.1012 Yowser/2.5  Safari/537.36" "-" rt=0.000 ua="-" us="-" ut="-" ul="-" cs=-
185.119.1.255 - p.metodlab.ru [27/May/2024:13:26:25 +0300] "GET /img/gallery/2022/1/Tue_Jan_18_15:04:12_2022/small/f45ca13e70955fee98249f60e616af85.jpeg HTTP/3.0" 200 13960 "https://p.metodlab.ru/brands/roads_711" "Mozilla/5.0 (Windows NT 10.0; Win64; x64; ) AppleWebKit/537.36 (KHTML, like Gecko) Chrome/122.0.6261.139 Not(A:Brand/24 YaBrowser/24.4.3.1012 Yowser/2.5  Safari/537.36" "-" rt=0.000 ua="-" us="-" ut="-" ul="-" cs=-
185.119.1.255 - p.metodlab.ru [27/May/2024:13:26:25 +0300] "GET /img/gallery/2023/3/Sat_Mar_18_13:14:15_2023/small/cd3c3570b2f3f9aaf896482253b17c14.jpg HTTP/3.0" 200 14890 "https://p.metodlab.ru/brands/roads_711" "Mozilla/5.0 (Windows NT 10.0; Win64; x64; ) AppleWebKit/537.36 (KHTML, like Gecko) Chrome/122.0.6261.139 Not(A:Brand/24 YaBrowser/24.4.3.1012 Yowser/2.5  Safari/537.36" "-" rt=0.000 ua="-" us="-" ut="-" ul="-" cs=-
185.119.1.255 - p.metodlab.ru [27/May/2024:13:26:25 +0300] "GET /img/gallery/2022/10/Tue_Oct_4_13:13:57_2022/small/cd450311aa91bf68037bf23aa39b06e1.jpg HTTP/3.0" 200 16311 "https://p.metodlab.ru/brands/roads_711" "Mozilla/5.0 (Windows NT 10.0; Win64; x64; ) AppleWebKit/537.36 (KHTML, like Gecko) Chrome/122.0.6261.139 Not(A:Brand/24 YaBrowser/24.4.3.1012 Yowser/2.5  Safari/537.36" "-" rt=0.000 ua="-" us="-" ut="-" ul="-" cs=-
185.119.1.255 - p.metodlab.ru [27/May/2024:13:26:25 +0300] "GET /img/gallery/2022/10/Tue_Oct_4_13:16:27_2022/small/dfc83ff538991749a7542e522813a7c2.jpg HTTP/3.0" 200 9698 "https://p.metodlab.ru/brands/roads_711" "Mozilla/5.0 (Windows NT 10.0; Win64; x64; ) AppleWebKit/537.36 (KHTML, like Gecko) Chrome/122.0.6261.139 Not(A:Brand/24 YaBrowser/24.4.3.1012 Yowser/2.5  Safari/537.36" "-" rt=0.000 ua="-" us="-" ut="-" ul="-" cs=-
185.119.1.255 - p.metodlab.ru [27/May/2024:13:26:25 +0300] "GET /img/gallery/2017/3/Sun_Mar_5_00:17:22_2017/small/ad9e949ef74d083a560cb46c2cd52e08.jpg HTTP/3.0" 200 2421 "https://p.metodlab.ru/brands/roads_711" "Mozilla/5.0 (Windows NT 10.0; Win64; x64; ) AppleWebKit/537.36 (KHTML, like Gecko) Chrome/122.0.6261.139 Not(A:Brand/24 YaBrowser/24.4.3.1012 Yowser/2.5  Safari/537.36" "-" rt=0.000 ua="-" us="-" ut="-" ul="-" cs=-
185.119.1.255 - p.metodlab.ru [27/May/2024:13:26:25 +0300] "GET /img/gallery/2017/3/Sun_Mar_5_00:18:40_2017/small/e2f385705cb453e89ba3feb823521918.jpg HTTP/3.0" 200 2046 "https://p.metodlab.ru/brands/roads_711" "Mozilla/5.0 (Windows NT 10.0; Win64; x64; ) AppleWebKit/537.36 (KHTML, like Gecko) Chrome/122.0.6261.139 Not(A:Brand/24 YaBrowser/24.4.3.1012 Yowser/2.5  Safari/537.36" "-" rt=0.000 ua="-" us="-" ut="-" ul="-" cs=-
185.119.1.255 - p.metodlab.ru [27/May/2024:13:26:25 +0300] "GET /img/gallery/2022/10/Tue_Oct_4_13:19:18_2022/small/54c34144b7ef94b9cb38950d368be570.jpg HTTP/3.0" 200 23353 "https://p.metodlab.ru/brands/roads_711" "Mozilla/5.0 (Windows NT 10.0; Win64; x64; ) AppleWebKit/537.36 (KHTML, like Gecko) Chrome/122.0.6261.139 Not(A:Brand/24 YaBrowser/24.4.3.1012 Yowser/2.5  Safari/537.36" "-" rt=0.000 ua="-" us="-" ut="-" ul="-" cs=-
185.119.1.255 - p.metodlab.ru [27/May/2024:13:26:25 +0300] "GET /img/gallery/2022/10/Tue_Oct_4_13:21:38_2022/small/b19b11e5ea1be0c2a93e5e9c840fa2a9.jpg HTTP/3.0" 200 19476 "https://p.metodlab.ru/brands/roads_711" "Mozilla/5.0 (Windows NT 10.0; Win64; x64; ) AppleWebKit/537.36 (KHTML, like Gecko) Chrome/122.0.6261.139 Not(A:Brand/24 YaBrowser/24.4.3.1012 Yowser/2.5  Safari/537.36" "-" rt=0.000 ua="-" us="-" ut="-" ul="-" cs=-
185.119.1.255 - p.metodlab.ru [27/May/2024:13:26:25 +0300] "GET /img/gallery/2017/3/Sun_Mar_5_00:20:00_2017/small/921d0f6587ce95fe8651cae20621db8a.jpg HTTP/3.0" 200 2048 "https://p.metodlab.ru/brands/roads_711" "Mozilla/5.0 (Windows NT 10.0; Win64; x64; ) AppleWebKit/537.36 (KHTML, like Gecko) Chrome/122.0.6261.139 Not(A:Brand/24 YaBrowser/24.4.3.1012 Yowser/2.5  Safari/537.36" "-" rt=0.000 ua="-" us="-" ut="-" ul="-" cs=-
185.119.1.255 - p.metodlab.ru [27/May/2024:13:26:25 +0300] "GET /img/gallery/2017/3/Sun_Mar_5_00:21:26_2017/small/fb0eee4d9e3a0784597830ec3685673d.jpg HTTP/3.0" 200 1919 "https://p.metodlab.ru/brands/roads_711" "Mozilla/5.0 (Windows NT 10.0; Win64; x64; ) AppleWebKit/537.36 (KHTML, like Gecko) Chrome/122.0.6261.139 Not(A:Brand/24 YaBrowser/24.4.3.1012 Yowser/2.5  Safari/537.36" "-" rt=0.000 ua="-" us="-" ut="-" ul="-" cs=-
185.119.1.255 - p.metodlab.ru [27/May/2024:13:26:25 +0300] "GET /img/gallery/2023/1/Thu_Jan_5_14:19:01_2023/small/715779cc723aabfd5a674f2f5fd28096.jpg HTTP/3.0" 200 17617 "https://p.metodlab.ru/brands/roads_711" "Mozilla/5.0 (Windows NT 10.0; Win64; x64; ) AppleWebKit/537.36 (KHTML, like Gecko) Chrome/122.0.6261.139 Not(A:Brand/24 YaBrowser/24.4.3.1012 Yowser/2.5  Safari/537.36" "-" rt=0.000 ua="-" us="-" ut="-" ul="-" cs=-
185.119.1.255 - p.metodlab.ru [27/May/2024:13:26:25 +0300] "GET /img/gallery/2017/3/Sun_Mar_5_00:22:27_2017/small/7806420ff73c99b1abacf07df3a5fe11.jpg HTTP/3.0" 200 2419 "https://p.metodlab.ru/brands/roads_711" "Mozilla/5.0 (Windows NT 10.0; Win64; x64; ) AppleWebKit/537.36 (KHTML, like Gecko) Chrome/122.0.6261.139 Not(A:Brand/24 YaBrowser/24.4.3.1012 Yowser/2.5  Safari/537.36" "-" rt=0.000 ua="-" us="-" ut="-" ul="-" cs=-
185.119.1.255 - p.metodlab.ru [27/May/2024:13:26:25 +0300] "GET /img/gallery/2017/3/Sun_Mar_5_00:23:20_2017/small/82715d6caa30f75a473d8513b0fc5290.jpg HTTP/3.0" 200 1561 "https://p.metodlab.ru/brands/roads_711" "Mozilla/5.0 (Windows NT 10.0; Win64; x64; ) AppleWebKit/537.36 (KHTML, like Gecko) Chrome/122.0.6261.139 Not(A:Brand/24 YaBrowser/24.4.3.1012 Yowser/2.5  Safari/537.36" "-" rt=0.000 ua="-" us="-" ut="-" ul="-" cs=-
185.119.1.255 - p.metodlab.ru [27/May/2024:13:26:25 +0300] "GET /img/gallery/2023/3/Sat_Mar_18_13:04:31_2023/small/354d3025196c1d9e1ea81061e32e9c25.jpg HTTP/3.0" 200 13098 "https://p.metodlab.ru/brands/roads_711" "Mozilla/5.0 (Windows NT 10.0; Win64; x64; ) AppleWebKit/537.36 (KHTML, like Gecko) Chrome/122.0.6261.139 Not(A:Brand/24 YaBrowser/24.4.3.1012 Yowser/2.5  Safari/537.36" "-" rt=0.000 ua="-" us="-" ut="-" ul="-" cs=-
185.119.1.255 - p.metodlab.ru [27/May/2024:13:26:25 +0300] "GET /img/gallery/2017/3/Sun_Mar_5_00:25:35_2017/small/41c47762497adb6451d3d71717016054.jpg HTTP/3.0" 200 2021 "https://p.metodlab.ru/brands/roads_711" "Mozilla/5.0 (Windows NT 10.0; Win64; x64; ) AppleWebKit/537.36 (KHTML, like Gecko) Chrome/122.0.6261.139 Not(A:Brand/24 YaBrowser/24.4.3.1012 Yowser/2.5  Safari/537.36" "-" rt=0.000 ua="-" us="-" ut="-" ul="-" cs=-
185.119.1.255 - p.metodlab.ru [27/May/2024:13:26:25 +0300] "GET /img/design/menu/about.svg?-14.01.2016 HTTP/3.0" 200 336 "https://p.metodlab.ru/css/style.min.css?1709210765" "Mozilla/5.0 (Windows NT 10.0; Win64; x64; ) AppleWebKit/537.36 (KHTML, like Gecko) Chrome/122.0.6261.139 Not(A:Brand/24 YaBrowser/24.4.3.1012 Yowser/2.5  Safari/537.36" "-" rt=0.000 ua="-" us="-" ut="-" ul="-" cs=-
185.119.1.255 - p.metodlab.ru [27/May/2024:13:26:25 +0300] "GET /img/design/vertical_show.svg?-14.01.2016 HTTP/3.0" 200 266 "https://p.metodlab.ru/css/style.min.css?1709210765" "Mozilla/5.0 (Windows NT 10.0; Win64; x64; ) AppleWebKit/537.36 (KHTML, like Gecko) Chrome/122.0.6261.139 Not(A:Brand/24 YaBrowser/24.4.3.1012 Yowser/2.5  Safari/537.36" "-" rt=0.000 ua="-" us="-" ut="-" ul="-" cs=-
185.119.1.255 - p.metodlab.ru [27/May/2024:13:26:25 +0300] "GET /img/design/menu/labels.svg?-14.01.2016 HTTP/3.0" 200 368 "https://p.metodlab.ru/css/style.min.css?1709210765" "Mozilla/5.0 (Windows NT 10.0; Win64; x64; ) AppleWebKit/537.36 (KHTML, like Gecko) Chrome/122.0.6261.139 Not(A:Brand/24 YaBrowser/24.4.3.1012 Yowser/2.5  Safari/537.36" "-" rt=0.000 ua="-" us="-" ut="-" ul="-" cs=-
185.119.1.255 - p.metodlab.ru [27/May/2024:13:26:25 +0300] "GET /img/design/menu/sale.svg?-14.01.2016 HTTP/3.0" 200 353 "https://p.metodlab.ru/css/style.min.css?1709210765" "Mozilla/5.0 (Windows NT 10.0; Win64; x64; ) AppleWebKit/537.36 (KHTML, like Gecko) Chrome/122.0.6261.139 Not(A:Brand/24 YaBrowser/24.4.3.1012 Yowser/2.5  Safari/537.36" "-" rt=0.000 ua="-" us="-" ut="-" ul="-" cs=-
185.119.1.255 - p.metodlab.ru [27/May/2024:13:26:25 +0300] "GET /img/design/menu/delivery.svg?-14.01.2016 HTTP/3.0" 200 290 "https://p.metodlab.ru/css/style.min.css?1709210765" "Mozilla/5.0 (Windows NT 10.0; Win64; x64; ) AppleWebKit/537.36 (KHTML, like Gecko) Chrome/122.0.6261.139 Not(A:Brand/24 YaBrowser/24.4.3.1012 Yowser/2.5  Safari/537.36" "-" rt=0.000 ua="-" us="-" ut="-" ul="-" cs=-
185.119.1.255 - p.metodlab.ru [27/May/2024:13:26:25 +0300] "GET /img/design/menu/feedback.svg?-14.01.2016 HTTP/3.0" 200 238 "https://p.metodlab.ru/css/style.min.css?1709210765" "Mozilla/5.0 (Windows NT 10.0; Win64; x64; ) AppleWebKit/537.36 (KHTML, like Gecko) Chrome/122.0.6261.139 Not(A:Brand/24 YaBrowser/24.4.3.1012 Yowser/2.5  Safari/537.36" "-" rt=0.000 ua="-" us="-" ut="-" ul="-" cs=-
185.119.1.255 - p.metodlab.ru [27/May/2024:13:26:25 +0300] "GET /img/design/menu/warranty.svg?-14.01.2016 HTTP/3.0" 200 299 "https://p.metodlab.ru/css/style.min.css?1709210765" "Mozilla/5.0 (Windows NT 10.0; Win64; x64; ) AppleWebKit/537.36 (KHTML, like Gecko) Chrome/122.0.6261.139 Not(A:Brand/24 YaBrowser/24.4.3.1012 Yowser/2.5  Safari/537.36" "-" rt=0.000 ua="-" us="-" ut="-" ul="-" cs=-
185.119.1.255 - p.metodlab.ru [27/May/2024:13:26:25 +0300] "GET /img/design/menu/return.svg?-14.01.2016 HTTP/3.0" 200 219 "https://p.metodlab.ru/css/style.min.css?1709210765" "Mozilla/5.0 (Windows NT 10.0; Win64; x64; ) AppleWebKit/537.36 (KHTML, like Gecko) Chrome/122.0.6261.139 Not(A:Brand/24 YaBrowser/24.4.3.1012 Yowser/2.5  Safari/537.36" "-" rt=0.000 ua="-" us="-" ut="-" ul="-" cs=-
185.119.1.255 - p.metodlab.ru [27/May/2024:13:26:25 +0300] "GET /img/design/menu/wholesale.svg?-14.01.2016 HTTP/3.0" 200 357 "https://p.metodlab.ru/css/style.min.css?1709210765" "Mozilla/5.0 (Windows NT 10.0; Win64; x64; ) AppleWebKit/537.36 (KHTML, like Gecko) Chrome/122.0.6261.139 Not(A:Brand/24 YaBrowser/24.4.3.1012 Yowser/2.5  Safari/537.36" "-" rt=0.000 ua="-" us="-" ut="-" ul="-" cs=-
185.119.1.255 - p.metodlab.ru [27/May/2024:13:26:25 +0300] "GET /img/design/menu/registration.svg HTTP/3.0" 200 255 "https://p.metodlab.ru/css/style.min.css?1709210765" "Mozilla/5.0 (Windows NT 10.0; Win64; x64; ) AppleWebKit/537.36 (KHTML, like Gecko) Chrome/122.0.6261.139 Not(A:Brand/24 YaBrowser/24.4.3.1012 Yowser/2.5  Safari/537.36" "-" rt=0.000 ua="-" us="-" ut="-" ul="-" cs=-
185.119.1.255 - p.metodlab.ru [27/May/2024:13:26:25 +0300] "GET /img/design/fav_2.svg?-14.01.2016 HTTP/3.0" 200 333 "https://p.metodlab.ru/css/style.min.css?1709210765" "Mozilla/5.0 (Windows NT 10.0; Win64; x64; ) AppleWebKit/537.36 (KHTML, like Gecko) Chrome/122.0.6261.139 Not(A:Brand/24 YaBrowser/24.4.3.1012 Yowser/2.5  Safari/537.36" "-" rt=0.000 ua="-" us="-" ut="-" ul="-" cs=-
185.119.1.255 - p.metodlab.ru [27/May/2024:13:26:25 +0300] "GET /img/design/white.png HTTP/3.0" 200 1194 "https://p.metodlab.ru/css/style.min.css?1709210765" "Mozilla/5.0 (Windows NT 10.0; Win64; x64; ) AppleWebKit/537.36 (KHTML, like Gecko) Chrome/122.0.6261.139 Not(A:Brand/24 YaBrowser/24.4.3.1012 Yowser/2.5  Safari/537.36" "-" rt=0.000 ua="-" us="-" ut="-" ul="-" cs=-
185.119.1.255 - p.metodlab.ru [27/May/2024:13:26:25 +0300] "GET /img/design/basket.svg?-14.01.2016 HTTP/3.0" 200 433 "https://p.metodlab.ru/css/style.min.css?1709210765" "Mozilla/5.0 (Windows NT 10.0; Win64; x64; ) AppleWebKit/537.36 (KHTML, like Gecko) Chrome/122.0.6261.139 Not(A:Brand/24 YaBrowser/24.4.3.1012 Yowser/2.5  Safari/537.36" "-" rt=0.000 ua="-" us="-" ut="-" ul="-" cs=-
185.119.1.255 - p.metodlab.ru [27/May/2024:13:26:25 +0300] "GET /img/design/search.svg?-14.01.2016 HTTP/3.0" 200 359 "https://p.metodlab.ru/css/style.min.css?1709210765" "Mozilla/5.0 (Windows NT 10.0; Win64; x64; ) AppleWebKit/537.36 (KHTML, like Gecko) Chrome/122.0.6261.139 Not(A:Brand/24 YaBrowser/24.4.3.1012 Yowser/2.5  Safari/537.36" "-" rt=0.000 ua="-" us="-" ut="-" ul="-" cs=-
185.119.1.255 - p.metodlab.ru [27/May/2024:13:26:25 +0300] "GET /img/design/crumbs.png HTTP/3.0" 200 456 "https://p.metodlab.ru/css/style.min.css?1709210765" "Mozilla/5.0 (Windows NT 10.0; Win64; x64; ) AppleWebKit/537.36 (KHTML, like Gecko) Chrome/122.0.6261.139 Not(A:Brand/24 YaBrowser/24.4.3.1012 Yowser/2.5  Safari/537.36" "-" rt=0.000 ua="-" us="-" ut="-" ul="-" cs=-
185.119.1.255 - p.metodlab.ru [27/May/2024:13:26:25 +0300] "GET /img/design/cd_ending.png HTTP/3.0" 200 364 "https://p.metodlab.ru/css/style.min.css?1709210765" "Mozilla/5.0 (Windows NT 10.0; Win64; x64; ) AppleWebKit/537.36 (KHTML, like Gecko) Chrome/122.0.6261.139 Not(A:Brand/24 YaBrowser/24.4.3.1012 Yowser/2.5  Safari/537.36" "-" rt=0.000 ua="-" us="-" ut="-" ul="-" cs=-
185.119.1.255 - p.metodlab.ru [27/May/2024:13:26:25 +0300] "GET /img/design/gd_grid_che.svg?-14.01.2016 HTTP/3.0" 200 259 "https://p.metodlab.ru/css/style.min.css?1709210765" "Mozilla/5.0 (Windows NT 10.0; Win64; x64; ) AppleWebKit/537.36 (KHTML, like Gecko) Chrome/122.0.6261.139 Not(A:Brand/24 YaBrowser/24.4.3.1012 Yowser/2.5  Safari/537.36" "-" rt=0.000 ua="-" us="-" ut="-" ul="-" cs=-
185.119.1.255 - p.metodlab.ru [27/May/2024:13:26:25 +0300] "GET /img/design/gd_list.svg?-14.01.2016 HTTP/3.0" 200 251 "https://p.metodlab.ru/css/style.min.css?1709210765" "Mozilla/5.0 (Windows NT 10.0; Win64; x64; ) AppleWebKit/537.36 (KHTML, like Gecko) Chrome/122.0.6261.139 Not(A:Brand/24 YaBrowser/24.4.3.1012 Yowser/2.5  Safari/537.36" "-" rt=0.000 ua="-" us="-" ut="-" ul="-" cs=-
185.119.1.255 - p.metodlab.ru [27/May/2024:13:26:25 +0300] "GET /img/design/woman.svg?-14.01.2016 HTTP/3.0" 200 320 "https://p.metodlab.ru/css/style.min.css?1709210765" "Mozilla/5.0 (Windows NT 10.0; Win64; x64; ) AppleWebKit/537.36 (KHTML, like Gecko) Chrome/122.0.6261.139 Not(A:Brand/24 YaBrowser/24.4.3.1012 Yowser/2.5  Safari/537.36" "-" rt=0.000 ua="-" us="-" ut="-" ul="-" cs=-
185.119.1.255 - p.metodlab.ru [27/May/2024:13:26:25 +0300] "GET /img/design/man.svg?-14.01.2016 HTTP/3.0" 200 334 "https://p.metodlab.ru/css/style.min.css?1709210765" "Mozilla/5.0 (Windows NT 10.0; Win64; x64; ) AppleWebKit/537.36 (KHTML, like Gecko) Chrome/122.0.6261.139 Not(A:Brand/24 YaBrowser/24.4.3.1012 Yowser/2.5  Safari/537.36" "-" rt=0.000 ua="-" us="-" ut="-" ul="-" cs=-
185.119.1.255 - p.metodlab.ru [27/May/2024:13:26:26 +0300] "GET /img/design/instagram.svg HTTP/3.0" 200 381 "https://p.metodlab.ru/css/style.min.css?1709210765" "Mozilla/5.0 (Windows NT 10.0; Win64; x64; ) AppleWebKit/537.36 (KHTML, like Gecko) Chrome/122.0.6261.139 Not(A:Brand/24 YaBrowser/24.4.3.1012 Yowser/2.5  Safari/537.36" "-" rt=0.000 ua="-" us="-" ut="-" ul="-" cs=-
195.211.83.2 - rt.metodlab.ru [27/May/2024:13:26:41 +0300] "GET / HTTP/3.0" 200 10182 "https://rt.metodlab.ru/" "Mozilla/5.0 (X11; Linux x86_64) AppleWebKit/537.36 (KHTML, like Gecko) Chrome/125.0.0.0 Safari/537.36" "-" rt=0.190 ua="127.0.0.1:9090" us="200" ut="0.190" ul="80283" cs=-
195.95.215.189 - msm.metodlab.ru [27/May/2024:13:26:41 +0300] "GET /pcgi/specoffers.pl?0.6162250908290503&st=45&id=1944 HTTP/2.0" 200 406 "https://msm.metodlab.ru/catalog/cat89/1944.shtml" "Mozilla/5.0 (Windows NT 10.0; Win64; x64) AppleWebKit/537.36 (KHTML, like Gecko) Chrome/122.0.0.0 YaBrowser/24.4.0.0 Safari/537.36" "-" rt=0.072 ua="127.0.0.1:9090" us="200" ut="0.072" ul="1909" cs=-
95.108.213.233 - p.metodlab.ru [27/May/2024:13:26:44 +0300] "GET /brands HTTP/1.1" 404 555 "-" "Mozilla/5.0 (compatible; YandexBot/3.0; +http://yandex.com/bots) AppleWebKit/537.36 (KHTML, like Gecko) Chrome/108.0.0.0" "-" rt=0.000 ua="-" us="-" ut="-" ul="-" cs=-
195.95.215.189 - msm.metodlab.ru [27/May/2024:13:27:41 +0300] "GET /pcgi/specoffers.pl?0.8782569584952842&st=46&id=1944 HTTP/2.0" 200 452 "https://msm.metodlab.ru/catalog/cat89/1944.shtml" "Mozilla/5.0 (Windows NT 10.0; Win64; x64) AppleWebKit/537.36 (KHTML, like Gecko) Chrome/122.0.0.0 YaBrowser/24.4.0.0 Safari/537.36" "-" rt=0.082 ua="127.0.0.1:9090" us="200" ut="0.082" ul="1941" cs=-
104.248.83.88 - 4site2.metodlab.ru [27/May/2024:13:27:46 +0300] "GET / HTTP/1.1" 200 13795 "" "saelmon" "-" rt=0.017 ua="127.0.0.1:9090" us="200" ut="0.018" ul="13775" cs=-
79.141.68.10 - 4site2.metodlab.ru [27/May/2024:13:28:33 +0300] "GET / HTTP/1.1" 200 13793 "" "saelmon" "-" rt=0.017 ua="127.0.0.1:9090" us="200" ut="0.017" ul="13773" cs=-
195.95.215.189 - msm.metodlab.ru [27/May/2024:13:28:41 +0300] "GET /pcgi/specoffers.pl?0.6741354248979605&st=47&id=1944 HTTP/2.0" 200 407 "https://msm.metodlab.ru/catalog/cat89/1944.shtml" "Mozilla/5.0 (Windows NT 10.0; Win64; x64) AppleWebKit/537.36 (KHTML, like Gecko) Chrome/122.0.0.0 YaBrowser/24.4.0.0 Safari/537.36" "-" rt=0.093 ua="127.0.0.1:9090" us="200" ut="0.093" ul="1908" cs=-
195.211.83.2 - rt.metodlab.ru [27/May/2024:13:28:41 +0300] "GET / HTTP/3.0" 200 10189 "https://rt.metodlab.ru/" "Mozilla/5.0 (X11; Linux x86_64) AppleWebKit/537.36 (KHTML, like Gecko) Chrome/125.0.0.0 Safari/537.36" "-" rt=0.193 ua="127.0.0.1:9090" us="200" ut="0.192" ul="80283" cs=-
195.95.215.189 - msm.metodlab.ru [27/May/2024:13:29:41 +0300] "GET /pcgi/specoffers.pl?0.15936522397782804&st=48&id=1944 HTTP/2.0" 200 415 "https://msm.metodlab.ru/catalog/cat89/1944.shtml" "Mozilla/5.0 (Windows NT 10.0; Win64; x64) AppleWebKit/537.36 (KHTML, like Gecko) Chrome/122.0.0.0 YaBrowser/24.4.0.0 Safari/537.36" "-" rt=0.077 ua="127.0.0.1:9090" us="200" ut="0.076" ul="1920" cs=-
95.213.142.18 - 4site2.metodlab.ru [27/May/2024:13:29:50 +0300] "GET / HTTP/1.1" 200 13795 "" "saelmon" "-" rt=0.017 ua="127.0.0.1:9090" us="200" ut="0.017" ul="13775" cs=-
80.93.185.34 - 4site2.metodlab.ru [27/May/2024:13:30:39 +0300] "GET / HTTP/1.1" 200 13793 "" "saelmon" "-" rt=0.019 ua="127.0.0.1:9090" us="200" ut="0.019" ul="13773" cs=-
195.95.215.189 - msm.metodlab.ru [27/May/2024:13:30:41 +0300] "GET /pcgi/specoffers.pl?0.6766053631113997&st=49&id=1944 HTTP/2.0" 200 395 "https://msm.metodlab.ru/catalog/cat89/1944.shtml" "Mozilla/5.0 (Windows NT 10.0; Win64; x64) AppleWebKit/537.36 (KHTML, like Gecko) Chrome/122.0.0.0 YaBrowser/24.4.0.0 Safari/537.36" "-" rt=0.055 ua="127.0.0.1:9090" us="200" ut="0.055" ul="1906" cs=-
195.211.83.2 - rt.metodlab.ru [27/May/2024:13:30:42 +0300] "GET / HTTP/3.0" 200 10187 "https://rt.metodlab.ru/" "Mozilla/5.0 (X11; Linux x86_64) AppleWebKit/537.36 (KHTML, like Gecko) Chrome/125.0.0.0 Safari/537.36" "-" rt=0.388 ua="127.0.0.1:9090" us="200" ut="0.388" ul="80283" cs=-
5.255.231.111 - p.metodlab.ru [27/May/2024:13:30:49 +0300] "GET /robots.txt HTTP/1.1" 404 153 "-" "Mozilla/5.0 (compatible; YandexBot/3.0; +http://yandex.com/bots)" "-" rt=0.000 ua="-" us="-" ut="-" ul="-" cs=-
5.255.231.171 - p.metodlab.ru [27/May/2024:13:30:49 +0300] "GET / HTTP/1.1" 404 555 "-" "Mozilla/5.0 (compatible; YandexBot/3.0; +http://yandex.com/bots) AppleWebKit/537.36 (KHTML, like Gecko) Chrome/108.0.0.0" "-" rt=0.000 ua="-" us="-" ut="-" ul="-" cs=-
87.250.224.11 - p.metodlab.ru [27/May/2024:13:30:52 +0300] "GET /catalog/women HTTP/1.1" 404 153 "-" "Mozilla/5.0 (compatible; YandexBot/3.0; +http://yandex.com/bots)" "-" rt=0.000 ua="-" us="-" ut="-" ul="-" cs=-
195.211.83.2 - rt.metodlab.ru [27/May/2024:13:31:04 +0300] "GET / HTTP/3.0" 200 10098 "https://rt.metodlab.ru/" "Mozilla/5.0 (X11; Linux x86_64) AppleWebKit/537.36 (KHTML, like Gecko) Chrome/125.0.0.0 Safari/537.36" "-" rt=0.197 ua="127.0.0.1:9090" us="200" ut="0.197" ul="55017" cs=-
195.95.215.189 - msm.metodlab.ru [27/May/2024:13:31:41 +0300] "GET /pcgi/specoffers.pl?0.3410520342682155&st=50&id=1944 HTTP/2.0" 200 422 "https://msm.metodlab.ru/catalog/cat89/1944.shtml" "Mozilla/5.0 (Windows NT 10.0; Win64; x64) AppleWebKit/537.36 (KHTML, like Gecko) Chrome/122.0.0.0 YaBrowser/24.4.0.0 Safari/537.36" "-" rt=0.075 ua="127.0.0.1:9090" us="200" ut="0.075" ul="1920" cs=-
104.248.83.88 - 4site2.metodlab.ru [27/May/2024:13:31:45 +0300] "GET / HTTP/1.1" 200 13793 "" "saelmon" "-" rt=0.018 ua="127.0.0.1:9090" us="200" ut="0.018" ul="13773" cs=-
5.255.231.63 - p.metodlab.ru [27/May/2024:13:31:49 +0300] "GET /brands/by_kilian_143 HTTP/1.1" 404 153 "-" "Mozilla/5.0 (compatible; YandexBot/3.0; +http://yandex.com/bots)" "-" rt=0.000 ua="-" us="-" ut="-" ul="-" cs=-
213.180.203.101 - p.metodlab.ru [27/May/2024:13:31:50 +0300] "GET /catalog/unisex HTTP/1.1" 404 153 "-" "Mozilla/5.0 (compatible; YandexBot/3.0; +http://yandex.com/bots)" "-" rt=0.000 ua="-" us="-" ut="-" ul="-" cs=-
79.141.68.10 - 4site2.metodlab.ru [27/May/2024:13:32:05 +0300] "GET / HTTP/1.1" 200 13795 "" "saelmon" "-" rt=0.014 ua="127.0.0.1:9090" us="200" ut="0.014" ul="13775" cs=-
195.95.215.189 - msm.metodlab.ru [27/May/2024:13:32:41 +0300] "GET /pcgi/specoffers.pl?0.8046463986468004&st=51&id=1944 HTTP/2.0" 200 411 "https://msm.metodlab.ru/catalog/cat89/1944.shtml" "Mozilla/5.0 (Windows NT 10.0; Win64; x64) AppleWebKit/537.36 (KHTML, like Gecko) Chrome/122.0.0.0 YaBrowser/24.4.0.0 Safari/537.36" "-" rt=0.092 ua="127.0.0.1:9090" us="200" ut="0.092" ul="1907" cs=-
195.211.83.2 - rt.metodlab.ru [27/May/2024:13:32:42 +0300] "GET / HTTP/3.0" 200 10177 "https://rt.metodlab.ru/" "Mozilla/5.0 (X11; Linux x86_64) AppleWebKit/537.36 (KHTML, like Gecko) Chrome/125.0.0.0 Safari/537.36" "-" rt=0.179 ua="127.0.0.1:9090" us="200" ut="0.179" ul="80283" cs=-
95.108.213.120 - latanya.metodlab.ru [27/May/2024:13:33:06 +0300] "GET /robots.txt HTTP/1.1" 404 153 "-" "Mozilla/5.0 (compatible; YandexBot/3.0; +http://yandex.com/bots)" "-" rt=0.000 ua="-" us="-" ut="-" ul="-" cs=-
87.250.224.33 - latanya.metodlab.ru [27/May/2024:13:33:06 +0300] "GET / HTTP/1.1" 404 555 "-" "Mozilla/5.0 (compatible; YandexBot/3.0; +http://yandex.com/bots) AppleWebKit/537.36 (KHTML, like Gecko) Chrome/108.0.0.0" "-" rt=0.000 ua="-" us="-" ut="-" ul="-" cs=-
95.213.142.18 - 4site2.metodlab.ru [27/May/2024:13:33:08 +0300] "GET / HTTP/1.1" 200 13793 "" "saelmon" "-" rt=0.018 ua="127.0.0.1:9090" us="200" ut="0.017" ul="13773" cs=-
195.95.215.189 - msm.metodlab.ru [27/May/2024:13:33:41 +0300] "GET /pcgi/specoffers.pl?0.506732238011129&st=52&id=1944 HTTP/2.0" 200 456 "https://msm.metodlab.ru/catalog/cat89/1944.shtml" "Mozilla/5.0 (Windows NT 10.0; Win64; x64) AppleWebKit/537.36 (KHTML, like Gecko) Chrome/122.0.0.0 YaBrowser/24.4.0.0 Safari/537.36" "-" rt=0.086 ua="127.0.0.1:9090" us="200" ut="0.086" ul="1946" cs=-
80.93.185.34 - 4site2.metodlab.ru [27/May/2024:13:34:03 +0300] "GET / HTTP/1.1" 200 13795 "" "saelmon" "-" rt=0.017 ua="127.0.0.1:9090" us="200" ut="0.018" ul="13775" cs=-
5.255.231.68 - p.metodlab.ru [27/May/2024:13:34:12 +0300] "GET /catalog/unisex/ROADS-IMPROVED-SILENCE-50ml-parfume- HTTP/1.1" 404 153 "-" "Mozilla/5.0 (compatible; YandexBot/3.0; +http://yandex.com/bots)" "-" rt=0.000 ua="-" us="-" ut="-" ul="-" cs=-
87.250.224.236 - p.metodlab.ru [27/May/2024:13:34:12 +0300] "GET /catalog/unisex/ROADS-LIGHTS-50ml-parfume_1 HTTP/1.1" 404 153 "-" "Mozilla/5.0 (compatible; YandexBot/3.0; +http://yandex.com/bots)" "-" rt=0.000 ua="-" us="-" ut="-" ul="-" cs=-
95.108.213.192 - p.metodlab.ru [27/May/2024:13:34:13 +0300] "GET /catalog/unisex/ROADS-ART-ADDICT-4ml-parfume-mini HTTP/1.1" 404 153 "-" "Mozilla/5.0 (compatible; YandexBot/3.0; +http://yandex.com/bots)" "-" rt=0.000 ua="-" us="-" ut="-" ul="-" cs=-
95.108.213.213 - p.metodlab.ru [27/May/2024:13:34:14 +0300] "GET /robots.txt HTTP/1.1" 404 153 "-" "Mozilla/5.0 (compatible; YandexBot/3.0; +http://yandex.com/bots)" "-" rt=0.000 ua="-" us="-" ut="-" ul="-" cs=-
5.255.231.56 - p.metodlab.ru [27/May/2024:13:34:14 +0300] "GET /catalog/unisex/ROADS-PAST-PRESENCE-4ml-parfume-mini HTTP/1.1" 404 153 "-" "Mozilla/5.0 (compatible; YandexBot/3.0; +http://yandex.com/bots)" "-" rt=0.000 ua="-" us="-" ut="-" ul="-" cs=-
95.108.213.91 - p.metodlab.ru [27/May/2024:13:34:14 +0300] "GET /catalog/unisex/ROADS-BITTER-END-50ml-parfume HTTP/1.1" 404 153 "-" "Mozilla/5.0 (compatible; YandexBot/3.0; +http://yandex.com/bots)" "-" rt=0.000 ua="-" us="-" ut="-" ul="-" cs=-
5.255.231.249 - p.metodlab.ru [27/May/2024:13:34:15 +0300] "GET /catalog/unisex/ROADS-WHITE-NOISE-50ml-parfume_1 HTTP/1.1" 404 153 "-" "Mozilla/5.0 (compatible; YandexBot/3.0; +http://yandex.com/bots)" "-" rt=0.000 ua="-" us="-" ut="-" ul="-" cs=-
213.180.203.146 - p.metodlab.ru [27/May/2024:13:34:15 +0300] "GET /catalog/unisex/ROADS-NEON-50ml-parfume HTTP/1.1" 404 153 "-" "Mozilla/5.0 (compatible; YandexBot/3.0; +http://yandex.com/bots)" "-" rt=0.000 ua="-" us="-" ut="-" ul="-" cs=-
95.108.213.113 - p.metodlab.ru [27/May/2024:13:34:15 +0300] "GET /brands/l:E HTTP/1.1" 404 153 "-" "Mozilla/5.0 (compatible; YandexBot/3.0; +http://yandex.com/bots)" "-" rt=0.000 ua="-" us="-" ut="-" ul="-" cs=-
95.108.213.219 - p.metodlab.ru [27/May/2024:13:34:15 +0300] "GET /catalog/unisex/ROADS-FOOL-AROUND-50ml-parfume- HTTP/1.1" 404 153 "-" "Mozilla/5.0 (compatible; YandexBot/3.0; +http://yandex.com/bots)" "-" rt=0.000 ua="-" us="-" ut="-" ul="-" cs=-
213.180.203.29 - p.metodlab.ru [27/May/2024:13:34:16 +0300] "GET /brands/l:L HTTP/1.1" 404 153 "-" "Mozilla/5.0 (compatible; YandexBot/3.0; +http://yandex.com/bots)" "-" rt=0.000 ua="-" us="-" ut="-" ul="-" cs=-
87.250.224.244 - p.metodlab.ru [27/May/2024:13:34:16 +0300] "GET /catalog/unisex/ROADS-FLOWER-MOUNTAIN-50ml-parfume- HTTP/1.1" 404 153 "-" "Mozilla/5.0 (compatible; YandexBot/3.0; +http://yandex.com/bots)" "-" rt=0.000 ua="-" us="-" ut="-" ul="-" cs=-
5.255.231.111 - p.metodlab.ru [27/May/2024:13:34:16 +0300] "GET /catalog/unisex/ROADS-THIS-WEEKEND-50ml-parfume_1 HTTP/1.1" 404 153 "-" "Mozilla/5.0 (compatible; YandexBot/3.0; +http://yandex.com/bots)" "-" rt=0.000 ua="-" us="-" ut="-" ul="-" cs=-
195.95.215.189 - msm.metodlab.ru [27/May/2024:13:34:41 +0300] "GET /pcgi/specoffers.pl?0.35418189640033715&st=53&id=1944 HTTP/2.0" 200 483 "https://msm.metodlab.ru/catalog/cat89/1944.shtml" "Mozilla/5.0 (Windows NT 10.0; Win64; x64) AppleWebKit/537.36 (KHTML, like Gecko) Chrome/122.0.0.0 YaBrowser/24.4.0.0 Safari/537.36" "-" rt=0.076 ua="127.0.0.1:9090" us="200" ut="0.076" ul="1981" cs=-
95.108.213.148 - msm-deal1.metodlab.ru [27/May/2024:13:34:41 +0300] "GET /robots.txt HTTP/1.1" 404 153 "-" "Mozilla/5.0 (compatible; YandexBot/3.0; +http://yandex.com/bots)" "-" rt=0.000 ua="-" us="-" ut="-" ul="-" cs=-
195.211.83.2 - rt.metodlab.ru [27/May/2024:13:34:42 +0300] "GET / HTTP/3.0" 200 10172 "https://rt.metodlab.ru/" "Mozilla/5.0 (X11; Linux x86_64) AppleWebKit/537.36 (KHTML, like Gecko) Chrome/125.0.0.0 Safari/537.36" "-" rt=0.179 ua="127.0.0.1:9090" us="200" ut="0.180" ul="80283" cs=-
104.248.83.88 - 4site2.metodlab.ru [27/May/2024:13:35:22 +0300] "GET / HTTP/1.1" 200 13793 "" "saelmon" "-" rt=0.017 ua="127.0.0.1:9090" us="200" ut="0.017" ul="13773" cs=-
5.255.231.188 - p.metodlab.ru [27/May/2024:13:35:41 +0300] "GET /robots.txt HTTP/1.1" 404 153 "-" "Mozilla/5.0 (compatible; YandexBot/3.0; +http://yandex.com/bots)" "-" rt=0.000 ua="-" us="-" ut="-" ul="-" cs=-
195.95.215.189 - msm.metodlab.ru [27/May/2024:13:35:41 +0300] "GET /pcgi/specoffers.pl?0.28446633543395183&st=54&id=1944 HTTP/2.0" 200 465 "https://msm.metodlab.ru/catalog/cat89/1944.shtml" "Mozilla/5.0 (Windows NT 10.0; Win64; x64) AppleWebKit/537.36 (KHTML, like Gecko) Chrome/122.0.0.0 YaBrowser/24.4.0.0 Safari/537.36" "-" rt=0.077 ua="127.0.0.1:9090" us="200" ut="0.077" ul="2018" cs=-
5.255.231.149 - p.metodlab.ru [27/May/2024:13:35:41 +0300] "GET /catalog/unisex/ROADS-UNSAID-50ml-parfume HTTP/1.1" 404 153 "-" "Mozilla/5.0 (compatible; YandexBot/3.0; +http://yandex.com/bots)" "-" rt=0.000 ua="-" us="-" ut="-" ul="-" cs=-
87.250.224.37 - p.metodlab.ru [27/May/2024:13:35:41 +0300] "GET /catalog/unisex/ROADS-DIGITAL-DAZE-50ml-parfume HTTP/1.1" 404 153 "-" "Mozilla/5.0 (compatible; YandexBot/3.0; +http://yandex.com/bots)" "-" rt=0.000 ua="-" us="-" ut="-" ul="-" cs=-
213.180.203.161 - p.metodlab.ru [27/May/2024:13:35:55 +0300] "GET /catalog/unisex/ROADS-HARMATTAN-50ml-parfume HTTP/1.1" 404 153 "-" "Mozilla/5.0 (compatible; YandexBot/3.0; +http://yandex.com/bots)" "-" rt=0.000 ua="-" us="-" ut="-" ul="-" cs=-
95.108.213.232 - p.metodlab.ru [27/May/2024:13:36:02 +0300] "GET / HTTP/1.1" 404 555 "-" "Mozilla/5.0 (compatible; YandexBot/3.0; +http://yandex.com/bots) AppleWebKit/537.36 (KHTML, like Gecko) Chrome/108.0.0.0" "-" rt=0.000 ua="-" us="-" ut="-" ul="-" cs=-
195.211.83.2 - rt.metodlab.ru [27/May/2024:13:36:04 +0300] "GET / HTTP/3.0" 200 10088 "https://rt.metodlab.ru/" "Mozilla/5.0 (X11; Linux x86_64) AppleWebKit/537.36 (KHTML, like Gecko) Chrome/125.0.0.0 Safari/537.36" "-" rt=0.189 ua="127.0.0.1:9090" us="200" ut="0.189" ul="55017" cs=-
79.141.68.10 - 4site2.metodlab.ru [27/May/2024:13:36:11 +0300] "GET / HTTP/1.1" 200 13793 "" "saelmon" "-" rt=0.014 ua="127.0.0.1:9090" us="200" ut="0.013" ul="13773" cs=-
195.95.215.189 - msm.metodlab.ru [27/May/2024:13:36:41 +0300] "GET /pcgi/specoffers.pl?0.38728278193887&st=55&id=1944 HTTP/2.0" 200 460 "https://msm.metodlab.ru/catalog/cat89/1944.shtml" "Mozilla/5.0 (Windows NT 10.0; Win64; x64) AppleWebKit/537.36 (KHTML, like Gecko) Chrome/122.0.0.0 YaBrowser/24.4.0.0 Safari/537.36" "-" rt=0.075 ua="127.0.0.1:9090" us="200" ut="0.075" ul="2031" cs=-
195.211.83.2 - rt.metodlab.ru [27/May/2024:13:36:43 +0300] "GET / HTTP/3.0" 200 10184 "https://rt.metodlab.ru/" "Mozilla/5.0 (X11; Linux x86_64) AppleWebKit/537.36 (KHTML, like Gecko) Chrome/125.0.0.0 Safari/537.36" "-" rt=0.184 ua="127.0.0.1:9090" us="200" ut="0.183" ul="80283" cs=-
195.95.215.189 - msm.metodlab.ru [27/May/2024:13:37:41 +0300] "GET /pcgi/specoffers.pl?0.721643158837999&st=56&id=1944 HTTP/2.0" 200 465 "https://msm.metodlab.ru/catalog/cat89/1944.shtml" "Mozilla/5.0 (Windows NT 10.0; Win64; x64) AppleWebKit/537.36 (KHTML, like Gecko) Chrome/122.0.0.0 YaBrowser/24.4.0.0 Safari/537.36" "-" rt=0.069 ua="127.0.0.1:9090" us="200" ut="0.069" ul="2031" cs=-
95.213.142.18 - 4site2.metodlab.ru [27/May/2024:13:37:42 +0300] "GET / HTTP/1.1" 200 13795 "" "saelmon" "-" rt=0.016 ua="127.0.0.1:9090" us="200" ut="0.017" ul="13775" cs=-
185.127.225.159 - p.metodlab.ru [27/May/2024:13:37:54 +0300] "POST /?0.9686061534701962 HTTP/3.0" 200 191 "https://p.metodlab.ru/brands/roads_711" "Mozilla/5.0 (Windows NT 10.0; Win64; x64) AppleWebKit/537.36 (KHTML, like Gecko) Chrome/122.0.0.0 YaBrowser/24.4.0.0 Safari/537.36" "-" rt=0.214 ua="127.0.0.1:9090" us="200" ut="0.214" ul="355" cs=-
185.127.225.159 - p.metodlab.ru [27/May/2024:13:37:54 +0300] "POST /?0.012344496550249273 HTTP/3.0" 200 191 "https://p.metodlab.ru/brands/roads_711" "Mozilla/5.0 (Windows NT 10.0; Win64; x64) AppleWebKit/537.36 (KHTML, like Gecko) Chrome/122.0.0.0 YaBrowser/24.4.0.0 Safari/537.36" "-" rt=0.165 ua="127.0.0.1:9090" us="200" ut="0.165" ul="355" cs=-
185.127.225.159 - p.metodlab.ru [27/May/2024:13:37:55 +0300] "GET /catalog/unisex/BOGUE-LITA-edp-50ml HTTP/3.0" 200 5688 "https://p.metodlab.ru/brands/roads_711" "Mozilla/5.0 (Windows NT 10.0; Win64; x64) AppleWebKit/537.36 (KHTML, like Gecko) Chrome/122.0.0.0 YaBrowser/24.4.0.0 Safari/537.36" "-" rt=0.264 ua="127.0.0.1:9090" us="200" ut="0.264" ul="22517" cs=-
185.127.225.159 - p.metodlab.ru [27/May/2024:13:37:55 +0300] "GET /img/captcha/ee6e518be57a9277a167b3c22dc9a846.png HTTP/3.0" 200 741 "https://p.metodlab.ru/catalog/unisex/BOGUE-LITA-edp-50ml" "Mozilla/5.0 (Windows NT 10.0; Win64; x64) AppleWebKit/537.36 (KHTML, like Gecko) Chrome/122.0.0.0 YaBrowser/24.4.0.0 Safari/537.36" "-" rt=0.000 ua="-" us="-" ut="-" ul="-" cs=-
185.127.225.159 - p.metodlab.ru [27/May/2024:13:37:55 +0300] "GET /img/captcha/2c59c5e02669b3c3b0f7e60195c3b24f.png HTTP/3.0" 200 799 "https://p.metodlab.ru/catalog/unisex/BOGUE-LITA-edp-50ml" "Mozilla/5.0 (Windows NT 10.0; Win64; x64) AppleWebKit/537.36 (KHTML, like Gecko) Chrome/122.0.0.0 YaBrowser/24.4.0.0 Safari/537.36" "-" rt=0.000 ua="-" us="-" ut="-" ul="-" cs=-
185.127.225.159 - p.metodlab.ru [27/May/2024:13:37:55 +0300] "POST /catalog/unisex/BOGUE-LITA-edp-50ml HTTP/3.0" 200 58 "https://p.metodlab.ru/catalog/unisex/BOGUE-LITA-edp-50ml" "Mozilla/5.0 (Windows NT 10.0; Win64; x64) AppleWebKit/537.36 (KHTML, like Gecko) Chrome/122.0.0.0 YaBrowser/24.4.0.0 Safari/537.36" "-" rt=0.201 ua="127.0.0.1:9090" us="200" ut="0.201" ul="62" cs=-
185.127.225.159 - 4s.metodlab.ru [27/May/2024:13:38:01 +0300] "POST /pcgi/suggest-2.0.pl HTTP/2.0" 200 139 "https://4s.metodlab.ru/pcgi/4site.pl" "Mozilla/5.0 (Windows NT 10.0; Win64; x64) AppleWebKit/537.36 (KHTML, like Gecko) Chrome/122.0.0.0 YaBrowser/24.4.0.0 Safari/537.36" "-" rt=0.430 ua="127.0.0.1:9090" us="200" ut="0.430" ul="220" cs=-
185.127.225.159 - 4s.metodlab.ru [27/May/2024:13:38:03 +0300] "POST /pcgi/4site.pl HTTP/2.0" 200 353856 "https://4s.metodlab.ru/pcgi/4site.pl" "Mozilla/5.0 (Windows NT 10.0; Win64; x64) AppleWebKit/537.36 (KHTML, like Gecko) Chrome/122.0.0.0 YaBrowser/24.4.0.0 Safari/537.36" "-" rt=1.053 ua="127.0.0.1:9090" us="200" ut="1.054" ul="1872888" cs=-
185.127.225.159 - 4s.metodlab.ru [27/May/2024:13:38:03 +0300] "GET /manifest.json HTTP/2.0" 200 179 "-" "Mozilla/5.0 (Windows NT 10.0; Win64; x64) AppleWebKit/537.36 (KHTML, like Gecko) Chrome/122.0.0.0 YaBrowser/24.4.0.0 Safari/537.36" "-" rt=0.006 ua="127.0.0.1:9090" us="200" ut="0.007" ul="719" cs=-
195.95.215.189 - msm.metodlab.ru [27/May/2024:13:38:41 +0300] "GET /pcgi/specoffers.pl?0.2885527099853604&st=57&id=1944 HTTP/2.0" 200 422 "https://msm.metodlab.ru/catalog/cat89/1944.shtml" "Mozilla/5.0 (Windows NT 10.0; Win64; x64) AppleWebKit/537.36 (KHTML, like Gecko) Chrome/122.0.0.0 YaBrowser/24.4.0.0 Safari/537.36" "-" rt=0.091 ua="127.0.0.1:9090" us="200" ut="0.091" ul="2018" cs=-
195.211.83.2 - rt.metodlab.ru [27/May/2024:13:38:43 +0300] "GET / HTTP/3.0" 200 10181 "https://rt.metodlab.ru/" "Mozilla/5.0 (X11; Linux x86_64) AppleWebKit/537.36 (KHTML, like Gecko) Chrome/125.0.0.0 Safari/537.36" "-" rt=0.114 ua="127.0.0.1:9090" us="200" ut="0.114" ul="80283" cs=-
213.180.203.25 - p.metodlab.ru [27/May/2024:13:38:46 +0300] "GET /catalog/unisex/ROADS-BIG-SKY-50ml-parfume- HTTP/1.1" 404 153 "-" "Mozilla/5.0 (compatible; YandexBot/3.0; +http://yandex.com/bots)" "-" rt=0.000 ua="-" us="-" ut="-" ul="-" cs=-
5.255.231.11 - p.metodlab.ru [27/May/2024:13:38:48 +0300] "GET /catalog/unisex/ROADS-CLOUD-9-50ml-parfume HTTP/1.1" 404 153 "-" "Mozilla/5.0 (compatible; YandexBot/3.0; +http://yandex.com/bots)" "-" rt=0.000 ua="-" us="-" ut="-" ul="-" cs=-
80.93.185.34 - 4site2.metodlab.ru [27/May/2024:13:38:56 +0300] "GET / HTTP/1.1" 200 13793 "" "saelmon" "-" rt=0.014 ua="127.0.0.1:9090" us="200" ut="0.014" ul="13773" cs=-
213.180.203.36 - p.metodlab.ru [27/May/2024:13:39:00 +0300] "GET /catalog/unisex/ROADS-DEEPER-HIGH-50ml-parfume HTTP/1.1" 404 153 "-" "Mozilla/5.0 (compatible; YandexBot/3.0; +http://yandex.com/bots)" "-" rt=0.000 ua="-" us="-" ut="-" ul="-" cs=-
5.255.231.163 - p.metodlab.ru [27/May/2024:13:39:02 +0300] "GET /catalog/unisex/ROADS-GRADUATE-1954-50ml-parfume_1 HTTP/1.1" 404 153 "-" "Mozilla/5.0 (compatible; YandexBot/3.0; +http://yandex.com/bots)" "-" rt=0.000 ua="-" us="-" ut="-" ul="-" cs=-
213.180.203.41 - p.metodlab.ru [27/May/2024:13:39:02 +0300] "GET /catalog/unisex/ROADS-AFROPOLIS-50ml-parfume HTTP/1.1" 404 153 "-" "Mozilla/5.0 (compatible; YandexBot/3.0; +http://yandex.com/bots)" "-" rt=0.000 ua="-" us="-" ut="-" ul="-" cs=-
95.108.213.213 - p.metodlab.ru [27/May/2024:13:39:02 +0300] "GET /catalog/unisex/ROADS-I-AM-DANCE-50ml-parfume- HTTP/1.1" 404 153 "-" "Mozilla/5.0 (compatible; YandexBot/3.0; +http://yandex.com/bots)" "-" rt=0.000 ua="-" us="-" ut="-" ul="-" cs=-
87.250.224.210 - p.metodlab.ru [27/May/2024:13:39:03 +0300] "GET /catalog/unisex/ROADS-CLUB-TOKYO-50ml-parfume- HTTP/1.1" 404 153 "-" "Mozilla/5.0 (compatible; YandexBot/3.0; +http://yandex.com/bots)" "-" rt=0.000 ua="-" us="-" ut="-" ul="-" cs=-
95.108.213.251 - p.metodlab.ru [27/May/2024:13:39:24 +0300] "GET /brands/l:X HTTP/1.1" 404 153 "-" "Mozilla/5.0 (compatible; YandexBot/3.0; +http://yandex.com/bots)" "-" rt=0.000 ua="-" us="-" ut="-" ul="-" cs=-
185.127.225.159 - 4s.metodlab.ru [27/May/2024:13:39:28 +0300] "POST /pcgi/4site_popup.pl HTTP/2.0" 200 73311 "https://4s.metodlab.ru/pcgi/4site.pl" "Mozilla/5.0 (Windows NT 10.0; Win64; x64) AppleWebKit/537.36 (KHTML, like Gecko) Chrome/122.0.0.0 YaBrowser/24.4.0.0 Safari/537.36" "-" rt=0.800 ua="127.0.0.1:9090" us="200" ut="0.796" ul="394089" cs=-
185.127.225.159 - 4s.metodlab.ru [27/May/2024:13:39:29 +0300] "GET /manifest.json HTTP/2.0" 200 179 "-" "Mozilla/5.0 (Windows NT 10.0; Win64; x64) AppleWebKit/537.36 (KHTML, like Gecko) Chrome/122.0.0.0 YaBrowser/24.4.0.0 Safari/537.36" "-" rt=0.008 ua="127.0.0.1:9090" us="200" ut="0.008" ul="719" cs=-
185.127.225.159 - 4s.metodlab.ru [27/May/2024:13:39:37 +0300] "POST /pcgi/4site_popup.pl HTTP/2.0" 200 73349 "https://4s.metodlab.ru/pcgi/4site_popup.pl" "Mozilla/5.0 (Windows NT 10.0; Win64; x64) AppleWebKit/537.36 (KHTML, like Gecko) Chrome/122.0.0.0 YaBrowser/24.4.0.0 Safari/537.36" "-" rt=0.791 ua="127.0.0.1:9090" us="200" ut="0.659" ul="394495" cs=-
185.127.225.159 - 4s.metodlab.ru [27/May/2024:13:39:38 +0300] "GET /manifest.json HTTP/2.0" 200 179 "-" "Mozilla/5.0 (Windows NT 10.0; Win64; x64) AppleWebKit/537.36 (KHTML, like Gecko) Chrome/122.0.0.0 YaBrowser/24.4.0.0 Safari/537.36" "-" rt=0.005 ua="127.0.0.1:9090" us="200" ut="0.004" ul="719" cs=-
195.95.215.189 - msm.metodlab.ru [27/May/2024:13:39:41 +0300] "GET /pcgi/specoffers.pl?0.9073548434155083&st=58&id=1944 HTTP/2.0" 200 422 "https://msm.metodlab.ru/catalog/cat89/1944.shtml" "Mozilla/5.0 (Windows NT 10.0; Win64; x64) AppleWebKit/537.36 (KHTML, like Gecko) Chrome/122.0.0.0 YaBrowser/24.4.0.0 Safari/537.36" "-" rt=0.037 ua="127.0.0.1:9090" us="200" ut="0.037" ul="2016" cs=-
5.255.231.146 - p.metodlab.ru [27/May/2024:13:39:51 +0300] "GET /catalog/unisex/ROADS-END-GAME-50ml-parfume HTTP/1.1" 404 153 "-" "Mozilla/5.0 (compatible; YandexBot/3.0; +http://yandex.com/bots)" "-" rt=0.000 ua="-" us="-" ut="-" ul="-" cs=-
5.255.231.188 - p.metodlab.ru [27/May/2024:13:39:52 +0300] "GET /brands/roads_711/man HTTP/1.1" 404 153 "-" "Mozilla/5.0 (compatible; YandexBot/3.0; +http://yandex.com/bots)" "-" rt=0.000 ua="-" us="-" ut="-" ul="-" cs=-
213.180.203.45 - p.metodlab.ru [27/May/2024:13:39:52 +0300] "GET /brands/roads_711/woman HTTP/1.1" 404 153 "-" "Mozilla/5.0 (compatible; YandexBot/3.0; +http://yandex.com/bots)" "-" rt=0.000 ua="-" us="-" ut="-" ul="-" cs=-
104.248.83.88 - 4site2.metodlab.ru [27/May/2024:13:39:53 +0300] "GET / HTTP/1.1" 200 13795 "" "saelmon" "-" rt=0.016 ua="127.0.0.1:9090" us="200" ut="0.017" ul="13775" cs=-
185.127.225.159 - 4s.metodlab.ru [27/May/2024:13:40:05 +0300] "POST /pcgi/4site.pl HTTP/2.0" 200 354913 "https://4s.metodlab.ru/pcgi/4site.pl" "Mozilla/5.0 (Windows NT 10.0; Win64; x64) AppleWebKit/537.36 (KHTML, like Gecko) Chrome/122.0.0.0 YaBrowser/24.4.0.0 Safari/537.36" "-" rt=0.466 ua="127.0.0.1:9090" us="200" ut="0.442" ul="1877637" cs=-
185.127.225.159 - 4s.metodlab.ru [27/May/2024:13:40:05 +0300] "GET /manifest.json HTTP/2.0" 200 179 "-" "Mozilla/5.0 (Windows NT 10.0; Win64; x64) AppleWebKit/537.36 (KHTML, like Gecko) Chrome/122.0.0.0 YaBrowser/24.4.0.0 Safari/537.36" "-" rt=0.003 ua="127.0.0.1:9090" us="200" ut="0.004" ul="719" cs=-
185.127.225.159 - p.metodlab.ru [27/May/2024:13:40:07 +0300] "GET /catalog/unisex/BOGUE-LITA-edp-50ml HTTP/3.0" 200 6107 "https://p.metodlab.ru/brands/roads_711" "Mozilla/5.0 (Windows NT 10.0; Win64; x64) AppleWebKit/537.36 (KHTML, like Gecko) Chrome/122.0.0.0 YaBrowser/24.4.0.0 Safari/537.36" "-" rt=0.307 ua="127.0.0.1:9090" us="200" ut="0.307" ul="24471" cs=-
185.127.225.159 - p.metodlab.ru [27/May/2024:13:40:07 +0300] "GET /img/gallery/2024/5/Mon_May_27_13:39:28_2024/small/1b31e03587c73f629d8e998540e44217.jpg HTTP/3.0" 200 13300 "https://p.metodlab.ru/catalog/unisex/BOGUE-LITA-edp-50ml" "Mozilla/5.0 (Windows NT 10.0; Win64; x64) AppleWebKit/537.36 (KHTML, like Gecko) Chrome/122.0.0.0 YaBrowser/24.4.0.0 Safari/537.36" "-" rt=0.000 ua="-" us="-" ut="-" ul="-" cs=-
185.127.225.159 - p.metodlab.ru [27/May/2024:13:40:07 +0300] "GET /img/captcha/bf33483f6be38f690b81e27830d0ad12.png HTTP/3.0" 200 792 "https://p.metodlab.ru/catalog/unisex/BOGUE-LITA-edp-50ml" "Mozilla/5.0 (Windows NT 10.0; Win64; x64) AppleWebKit/537.36 (KHTML, like Gecko) Chrome/122.0.0.0 YaBrowser/24.4.0.0 Safari/537.36" "-" rt=0.000 ua="-" us="-" ut="-" ul="-" cs=-
185.127.225.159 - p.metodlab.ru [27/May/2024:13:40:07 +0300] "GET /img/captcha/efd59cffa6b2cdb4f85f9791e4eb2d02.png HTTP/3.0" 200 795 "https://p.metodlab.ru/catalog/unisex/BOGUE-LITA-edp-50ml" "Mozilla/5.0 (Windows NT 10.0; Win64; x64) AppleWebKit/537.36 (KHTML, like Gecko) Chrome/122.0.0.0 YaBrowser/24.4.0.0 Safari/537.36" "-" rt=0.000 ua="-" us="-" ut="-" ul="-" cs=-
185.127.225.159 - p.metodlab.ru [27/May/2024:13:40:07 +0300] "GET /img/gallery/2024/5/Mon_May_27_13:39:28_2024/1b31e03587c73f629d8e998540e44217-mainwm.jpg HTTP/3.0" 200 106998 "https://p.metodlab.ru/catalog/unisex/BOGUE-LITA-edp-50ml" "Mozilla/5.0 (Windows NT 10.0; Win64; x64) AppleWebKit/537.36 (KHTML, like Gecko) Chrome/122.0.0.0 YaBrowser/24.4.0.0 Safari/537.36" "-" rt=0.012 ua="-" us="-" ut="-" ul="-" cs=-
185.127.225.159 - p.metodlab.ru [27/May/2024:13:40:07 +0300] "POST /catalog/unisex/BOGUE-LITA-edp-50ml HTTP/3.0" 200 57 "https://p.metodlab.ru/catalog/unisex/BOGUE-LITA-edp-50ml" "Mozilla/5.0 (Windows NT 10.0; Win64; x64) AppleWebKit/537.36 (KHTML, like Gecko) Chrome/122.0.0.0 YaBrowser/24.4.0.0 Safari/537.36" "-" rt=0.193 ua="127.0.0.1:9090" us="200" ut="0.194" ul="62" cs=-
185.127.225.159 - p.metodlab.ru [27/May/2024:13:40:10 +0300] "GET /brands/bogue_0434 HTTP/3.0" 200 4254 "https://p.metodlab.ru/catalog/unisex/BOGUE-LITA-edp-50ml" "Mozilla/5.0 (Windows NT 10.0; Win64; x64) AppleWebKit/537.36 (KHTML, like Gecko) Chrome/122.0.0.0 YaBrowser/24.4.0.0 Safari/537.36" "-" rt=0.876 ua="127.0.0.1:9090" us="200" ut="0.876" ul="15717" cs=-
185.127.225.159 - p.metodlab.ru [27/May/2024:13:40:10 +0300] "GET /files/124217/673e8e6425.jpg HTTP/3.0" 200 18605 "https://p.metodlab.ru/brands/bogue_0434" "Mozilla/5.0 (Windows NT 10.0; Win64; x64) AppleWebKit/537.36 (KHTML, like Gecko) Chrome/122.0.0.0 YaBrowser/24.4.0.0 Safari/537.36" "-" rt=0.000 ua="-" us="-" ut="-" ul="-" cs=-
185.127.225.159 - p.metodlab.ru [27/May/2024:13:40:10 +0300] "GET /img/gallery/2024/4/Tue_Apr_30_08:09:50_2024/small/096c80ad388b48b6cce08d714a49ebf9.jpg HTTP/3.0" 200 24029 "https://p.metodlab.ru/brands/bogue_0434" "Mozilla/5.0 (Windows NT 10.0; Win64; x64) AppleWebKit/537.36 (KHTML, like Gecko) Chrome/122.0.0.0 YaBrowser/24.4.0.0 Safari/537.36" "-" rt=0.000 ua="-" us="-" ut="-" ul="-" cs=-
185.127.225.159 - p.metodlab.ru [27/May/2024:13:40:10 +0300] "GET /img/gallery/2024/4/Sat_Apr_20_11:39:50_2024/small/b61dadf1b64063338c811bffda5b140f.jpg HTTP/3.0" 200 19162 "https://p.metodlab.ru/brands/bogue_0434" "Mozilla/5.0 (Windows NT 10.0; Win64; x64) AppleWebKit/537.36 (KHTML, like Gecko) Chrome/122.0.0.0 YaBrowser/24.4.0.0 Safari/537.36" "-" rt=0.000 ua="-" us="-" ut="-" ul="-" cs=-
5.255.231.149 - p.metodlab.ru [27/May/2024:13:40:21 +0300] "GET /catalog/unisex/ROADS-SUPERNOVA-50ml-parfume HTTP/1.1" 404 153 "-" "Mozilla/5.0 (compatible; YandexBot/3.0; +http://yandex.com/bots)" "-" rt=0.000 ua="-" us="-" ut="-" ul="-" cs=-
87.250.224.37 - p.metodlab.ru [27/May/2024:13:40:24 +0300] "GET /catalog/unisex/ROADS-CLOCKWORK-50ml-parfume HTTP/1.1" 404 153 "-" "Mozilla/5.0 (compatible; YandexBot/3.0; +http://yandex.com/bots)" "-" rt=0.000 ua="-" us="-" ut="-" ul="-" cs=-
213.180.203.161 - p.metodlab.ru [27/May/2024:13:40:24 +0300] "GET /brands/roads_711 HTTP/1.1" 404 153 "-" "Mozilla/5.0 (compatible; YandexBot/3.0; +http://yandex.com/bots)" "-" rt=0.000 ua="-" us="-" ut="-" ul="-" cs=-
195.95.215.189 - msm.metodlab.ru [27/May/2024:13:40:41 +0300] "GET /pcgi/specoffers.pl?0.9146356935148066&st=59&id=1944 HTTP/2.0" 200 468 "https://msm.metodlab.ru/catalog/cat89/1944.shtml" "Mozilla/5.0 (Windows NT 10.0; Win64; x64) AppleWebKit/537.36 (KHTML, like Gecko) Chrome/122.0.0.0 YaBrowser/24.4.0.0 Safari/537.36" "-" rt=0.086 ua="127.0.0.1:9090" us="200" ut="0.086" ul="2033" cs=-
195.211.83.2 - rt.metodlab.ru [27/May/2024:13:40:43 +0300] "GET / HTTP/3.0" 200 10173 "https://rt.metodlab.ru/" "Mozilla/5.0 (X11; Linux x86_64) AppleWebKit/537.36 (KHTML, like Gecko) Chrome/125.0.0.0 Safari/537.36" "-" rt=0.135 ua="127.0.0.1:9090" us="200" ut="0.135" ul="80283" cs=-
185.127.225.159 - 4s.metodlab.ru [27/May/2024:13:40:45 +0300] "POST /pcgi/suggest-2.0.pl HTTP/2.0" 200 177 "https://4s.metodlab.ru/pcgi/4site.pl" "Mozilla/5.0 (Windows NT 10.0; Win64; x64) AppleWebKit/537.36 (KHTML, like Gecko) Chrome/122.0.0.0 YaBrowser/24.4.0.0 Safari/537.36" "-" rt=0.417 ua="127.0.0.1:9090" us="200" ut="0.417" ul="439" cs=-
185.127.225.159 - 4s.metodlab.ru [27/May/2024:13:40:46 +0300] "POST /pcgi/4site.pl HTTP/2.0" 200 353912 "https://4s.metodlab.ru/pcgi/4site.pl" "Mozilla/5.0 (Windows NT 10.0; Win64; x64) AppleWebKit/537.36 (KHTML, like Gecko) Chrome/122.0.0.0 YaBrowser/24.4.0.0 Safari/537.36" "-" rt=0.386 ua="127.0.0.1:9090" us="200" ut="0.386" ul="1872970" cs=-
185.127.225.159 - 4s.metodlab.ru [27/May/2024:13:40:46 +0300] "GET /manifest.json HTTP/2.0" 200 179 "-" "Mozilla/5.0 (Windows NT 10.0; Win64; x64) AppleWebKit/537.36 (KHTML, like Gecko) Chrome/122.0.0.0 YaBrowser/24.4.0.0 Safari/537.36" "-" rt=0.004 ua="127.0.0.1:9090" us="200" ut="0.005" ul="719" cs=-
185.127.225.159 - p.metodlab.ru [27/May/2024:13:40:51 +0300] "POST /?0.332336296282878 HTTP/3.0" 200 269 "https://p.metodlab.ru/brands/bogue_0434" "Mozilla/5.0 (Windows NT 10.0; Win64; x64) AppleWebKit/537.36 (KHTML, like Gecko) Chrome/122.0.0.0 YaBrowser/24.4.0.0 Safari/537.36" "-" rt=0.171 ua="127.0.0.1:9090" us="200" ut="0.172" ul="465" cs=-
185.127.225.159 - p.metodlab.ru [27/May/2024:13:40:51 +0300] "GET /img/gallery/2022/10/Tue_Oct_4_13:19:18_2022/small/54c34144b7ef94b9cb38950d368be570.jpg HTTP/3.0" 200 23353 "https://p.metodlab.ru/brands/bogue_0434" "Mozilla/5.0 (Windows NT 10.0; Win64; x64) AppleWebKit/537.36 (KHTML, like Gecko) Chrome/122.0.0.0 YaBrowser/24.4.0.0 Safari/537.36" "-" rt=0.000 ua="-" us="-" ut="-" ul="-" cs=-
185.127.225.159 - p.metodlab.ru [27/May/2024:13:40:51 +0300] "POST /?0.7478844822380193 HTTP/3.0" 200 269 "https://p.metodlab.ru/brands/bogue_0434" "Mozilla/5.0 (Windows NT 10.0; Win64; x64) AppleWebKit/537.36 (KHTML, like Gecko) Chrome/122.0.0.0 YaBrowser/24.4.0.0 Safari/537.36" "-" rt=0.153 ua="127.0.0.1:9090" us="200" ut="0.153" ul="465" cs=-
185.127.225.159 - p.metodlab.ru [27/May/2024:13:40:52 +0300] "GET /catalog/unisex/ROADS-I-AM-DANCE-50ml-parfume- HTTP/3.0" 200 6755 "https://p.metodlab.ru/brands/bogue_0434" "Mozilla/5.0 (Windows NT 10.0; Win64; x64) AppleWebKit/537.36 (KHTML, like Gecko) Chrome/122.0.0.0 YaBrowser/24.4.0.0 Safari/537.36" "-" rt=0.226 ua="127.0.0.1:9090" us="200" ut="0.226" ul="27292" cs=-
185.127.225.159 - p.metodlab.ru [27/May/2024:13:40:52 +0300] "GET /img/captcha/584896ba9d1672b2be1814a56fe18454.png HTTP/3.0" 200 761 "https://p.metodlab.ru/catalog/unisex/ROADS-I-AM-DANCE-50ml-parfume-" "Mozilla/5.0 (Windows NT 10.0; Win64; x64) AppleWebKit/537.36 (KHTML, like Gecko) Chrome/122.0.0.0 YaBrowser/24.4.0.0 Safari/537.36" "-" rt=0.000 ua="-" us="-" ut="-" ul="-" cs=-
185.127.225.159 - p.metodlab.ru [27/May/2024:13:40:52 +0300] "GET /img/captcha/2ed8ecb8951b8d2b7020769be1423b35.png HTTP/3.0" 200 759 "https://p.metodlab.ru/catalog/unisex/ROADS-I-AM-DANCE-50ml-parfume-" "Mozilla/5.0 (Windows NT 10.0; Win64; x64) AppleWebKit/537.36 (KHTML, like Gecko) Chrome/122.0.0.0 YaBrowser/24.4.0.0 Safari/537.36" "-" rt=0.000 ua="-" us="-" ut="-" ul="-" cs=-
185.127.225.159 - p.metodlab.ru [27/May/2024:13:40:52 +0300] "GET /img/gallery/2022/10/Tue_Oct_4_13:19:18_2022/54c34144b7ef94b9cb38950d368be570-mainwm.jpg HTTP/3.0" 200 156812 "https://p.metodlab.ru/catalog/unisex/ROADS-I-AM-DANCE-50ml-parfume-" "Mozilla/5.0 (Windows NT 10.0; Win64; x64) AppleWebKit/537.36 (KHTML, like Gecko) Chrome/122.0.0.0 YaBrowser/24.4.0.0 Safari/537.36" "-" rt=0.020 ua="-" us="-" ut="-" ul="-" cs=-
185.127.225.159 - p.metodlab.ru [27/May/2024:13:40:52 +0300] "POST /catalog/unisex/ROADS-I-AM-DANCE-50ml-parfume- HTTP/3.0" 200 57 "https://p.metodlab.ru/catalog/unisex/ROADS-I-AM-DANCE-50ml-parfume-" "Mozilla/5.0 (Windows NT 10.0; Win64; x64) AppleWebKit/537.36 (KHTML, like Gecko) Chrome/122.0.0.0 YaBrowser/24.4.0.0 Safari/537.36" "-" rt=0.202 ua="127.0.0.1:9090" us="200" ut="0.202" ul="62" cs=-
79.141.68.10 - 4site2.metodlab.ru [27/May/2024:13:40:59 +0300] "GET / HTTP/1.1" 200 13793 "" "saelmon" "-" rt=0.014 ua="127.0.0.1:9090" us="200" ut="0.014" ul="13773" cs=-
195.211.83.2 - rt.metodlab.ru [27/May/2024:13:41:04 +0300] "GET / HTTP/3.0" 200 10088 "https://rt.metodlab.ru/" "Mozilla/5.0 (X11; Linux x86_64) AppleWebKit/537.36 (KHTML, like Gecko) Chrome/125.0.0.0 Safari/537.36" "-" rt=0.131 ua="127.0.0.1:9090" us="200" ut="0.131" ul="55017" cs=-
95.213.142.18 - 4site2.metodlab.ru [27/May/2024:13:41:08 +0300] "GET / HTTP/1.1" 200 13795 "" "saelmon" "-" rt=0.012 ua="127.0.0.1:9090" us="200" ut="0.012" ul="13775" cs=-
185.127.225.159 - 4s.metodlab.ru [27/May/2024:13:41:30 +0300] "POST /pcgi/4site_popup.pl HTTP/2.0" 200 73311 "https://4s.metodlab.ru/pcgi/4site.pl" "Mozilla/5.0 (Windows NT 10.0; Win64; x64) AppleWebKit/537.36 (KHTML, like Gecko) Chrome/122.0.0.0 YaBrowser/24.4.0.0 Safari/537.36" "-" rt=0.105 ua="127.0.0.1:9090" us="200" ut="0.101" ul="394089" cs=-
185.127.225.159 - 4s.metodlab.ru [27/May/2024:13:41:31 +0300] "GET /manifest.json HTTP/2.0" 200 179 "-" "Mozilla/5.0 (Windows NT 10.0; Win64; x64) AppleWebKit/537.36 (KHTML, like Gecko) Chrome/122.0.0.0 YaBrowser/24.4.0.0 Safari/537.36" "-" rt=0.005 ua="127.0.0.1:9090" us="200" ut="0.005" ul="719" cs=-
185.127.225.159 - 4s.metodlab.ru [27/May/2024:13:41:38 +0300] "POST /pcgi/4site_popup.pl HTTP/2.0" 200 73347 "https://4s.metodlab.ru/pcgi/4site_popup.pl" "Mozilla/5.0 (Windows NT 10.0; Win64; x64) AppleWebKit/537.36 (KHTML, like Gecko) Chrome/122.0.0.0 YaBrowser/24.4.0.0 Safari/537.36" "-" rt=0.756 ua="127.0.0.1:9090" us="200" ut="0.652" ul="394495" cs=-
185.127.225.159 - 4s.metodlab.ru [27/May/2024:13:41:39 +0300] "GET /manifest.json HTTP/2.0" 200 179 "-" "Mozilla/5.0 (Windows NT 10.0; Win64; x64) AppleWebKit/537.36 (KHTML, like Gecko) Chrome/122.0.0.0 YaBrowser/24.4.0.0 Safari/537.36" "-" rt=0.003 ua="127.0.0.1:9090" us="200" ut="0.003" ul="719" cs=-
195.95.215.189 - msm.metodlab.ru [27/May/2024:13:41:41 +0300] "GET /pcgi/specoffers.pl?0.026291015017673836&st=60&id=1944 HTTP/2.0" 200 509 "https://msm.metodlab.ru/catalog/cat89/1944.shtml" "Mozilla/5.0 (Windows NT 10.0; Win64; x64) AppleWebKit/537.36 (KHTML, like Gecko) Chrome/122.0.0.0 YaBrowser/24.4.0.0 Safari/537.36" "-" rt=0.075 ua="127.0.0.1:9090" us="200" ut="0.075" ul="2058" cs=-
80.93.185.34 - 4site2.metodlab.ru [27/May/2024:13:42:21 +0300] "GET / HTTP/1.1" 200 13793 "" "saelmon" "-" rt=0.017 ua="127.0.0.1:9090" us="200" ut="0.017" ul="13773" cs=-
95.108.213.232 - p.metodlab.ru [27/May/2024:13:42:27 +0300] "GET /catalog/unisex/ROADS-I-AM-DANCE-50ml-parfume- HTTP/1.1" 404 153 "-" "Mozilla/5.0 (compatible; YandexBot/3.0; +http://yandex.com/bots)" "-" rt=0.000 ua="-" us="-" ut="-" ul="-" cs=-
185.127.225.159 - 4s.metodlab.ru [27/May/2024:13:42:41 +0300] "POST /pcgi/4site_popup.pl HTTP/2.0" 200 73323 "https://4s.metodlab.ru/pcgi/4site.pl" "Mozilla/5.0 (Windows NT 10.0; Win64; x64) AppleWebKit/537.36 (KHTML, like Gecko) Chrome/122.0.0.0 YaBrowser/24.4.0.0 Safari/537.36" "-" rt=0.101 ua="127.0.0.1:9090" us="200" ut="0.101" ul="394367" cs=-
195.95.215.189 - msm.metodlab.ru [27/May/2024:13:42:41 +0300] "GET /pcgi/specoffers.pl?0.8081505459196063&st=61&id=1944 HTTP/2.0" 200 461 "https://msm.metodlab.ru/catalog/cat89/1944.shtml" "Mozilla/5.0 (Windows NT 10.0; Win64; x64) AppleWebKit/537.36 (KHTML, like Gecko) Chrome/122.0.0.0 YaBrowser/24.4.0.0 Safari/537.36" "-" rt=0.094 ua="127.0.0.1:9090" us="200" ut="0.094" ul="2063" cs=-
185.127.225.159 - 4s.metodlab.ru [27/May/2024:13:42:42 +0300] "GET /manifest.json HTTP/2.0" 200 179 "-" "Mozilla/5.0 (Windows NT 10.0; Win64; x64) AppleWebKit/537.36 (KHTML, like Gecko) Chrome/122.0.0.0 YaBrowser/24.4.0.0 Safari/537.36" "-" rt=0.004 ua="127.0.0.1:9090" us="200" ut="0.004" ul="719" cs=-
195.211.83.2 - rt.metodlab.ru [27/May/2024:13:42:43 +0300] "GET / HTTP/3.0" 200 10183 "https://rt.metodlab.ru/" "Mozilla/5.0 (X11; Linux x86_64) AppleWebKit/537.36 (KHTML, like Gecko) Chrome/125.0.0.0 Safari/537.36" "-" rt=0.183 ua="127.0.0.1:9090" us="200" ut="0.184" ul="80283" cs=-
185.127.225.159 - 4s.metodlab.ru [27/May/2024:13:42:49 +0300] "POST /pcgi/4site_popup.pl HTTP/2.0" 200 73441 "https://4s.metodlab.ru/pcgi/4site_popup.pl" "Mozilla/5.0 (Windows NT 10.0; Win64; x64) AppleWebKit/537.36 (KHTML, like Gecko) Chrome/122.0.0.0 YaBrowser/24.4.0.0 Safari/537.36" "-" rt=0.439 ua="127.0.0.1:9090" us="200" ut="0.347" ul="394773" cs=-
185.127.225.159 - 4s.metodlab.ru [27/May/2024:13:42:50 +0300] "GET /manifest.json HTTP/2.0" 200 179 "-" "Mozilla/5.0 (Windows NT 10.0; Win64; x64) AppleWebKit/537.36 (KHTML, like Gecko) Chrome/122.0.0.0 YaBrowser/24.4.0.0 Safari/537.36" "-" rt=0.004 ua="127.0.0.1:9090" us="200" ut="0.004" ul="719" cs=-
185.127.225.159 - 4s.metodlab.ru [27/May/2024:13:42:53 +0300] "POST /pcgi/4site.pl HTTP/2.0" 200 355219 "https://4s.metodlab.ru/pcgi/4site.pl" "Mozilla/5.0 (Windows NT 10.0; Win64; x64) AppleWebKit/537.36 (KHTML, like Gecko) Chrome/122.0.0.0 YaBrowser/24.4.0.0 Safari/537.36" "-" rt=0.457 ua="127.0.0.1:9090" us="200" ut="0.425" ul="1878355" cs=-
185.127.225.159 - 4s.metodlab.ru [27/May/2024:13:42:53 +0300] "GET /manifest.json HTTP/2.0" 200 179 "-" "Mozilla/5.0 (Windows NT 10.0; Win64; x64) AppleWebKit/537.36 (KHTML, like Gecko) Chrome/122.0.0.0 YaBrowser/24.4.0.0 Safari/537.36" "-" rt=0.003 ua="127.0.0.1:9090" us="200" ut="0.003" ul="719" cs=-
185.127.225.159 - p.metodlab.ru [27/May/2024:13:42:55 +0300] "GET /catalog/unisex/ROADS-I-AM-DANCE-50ml-parfume- HTTP/3.0" 200 6757 "https://p.metodlab.ru/brands/bogue_0434" "Mozilla/5.0 (Windows NT 10.0; Win64; x64) AppleWebKit/537.36 (KHTML, like Gecko) Chrome/122.0.0.0 YaBrowser/24.4.0.0 Safari/537.36" "-" rt=0.307 ua="127.0.0.1:9090" us="200" ut="0.307" ul="27289" cs=-
185.127.225.159 - p.metodlab.ru [27/May/2024:13:42:55 +0300] "GET /img/captcha/cf8c7d30891a1ec797acdbc2b4876f35.png HTTP/3.0" 200 800 "https://p.metodlab.ru/catalog/unisex/ROADS-I-AM-DANCE-50ml-parfume-" "Mozilla/5.0 (Windows NT 10.0; Win64; x64) AppleWebKit/537.36 (KHTML, like Gecko) Chrome/122.0.0.0 YaBrowser/24.4.0.0 Safari/537.36" "-" rt=0.000 ua="-" us="-" ut="-" ul="-" cs=-
185.127.225.159 - p.metodlab.ru [27/May/2024:13:42:55 +0300] "GET /img/captcha/79b4199ec62d828c3b19a3572e7adf32.png HTTP/3.0" 200 767 "https://p.metodlab.ru/catalog/unisex/ROADS-I-AM-DANCE-50ml-parfume-" "Mozilla/5.0 (Windows NT 10.0; Win64; x64) AppleWebKit/537.36 (KHTML, like Gecko) Chrome/122.0.0.0 YaBrowser/24.4.0.0 Safari/537.36" "-" rt=0.000 ua="-" us="-" ut="-" ul="-" cs=-
185.127.225.159 - p.metodlab.ru [27/May/2024:13:42:55 +0300] "POST /catalog/unisex/ROADS-I-AM-DANCE-50ml-parfume- HTTP/3.0" 200 58 "https://p.metodlab.ru/catalog/unisex/ROADS-I-AM-DANCE-50ml-parfume-" "Mozilla/5.0 (Windows NT 10.0; Win64; x64) AppleWebKit/537.36 (KHTML, like Gecko) Chrome/122.0.0.0 YaBrowser/24.4.0.0 Safari/537.36" "-" rt=0.209 ua="127.0.0.1:9090" us="200" ut="0.209" ul="62" cs=-
104.248.83.88 - 4site2.metodlab.ru [27/May/2024:13:43:07 +0300] "GET / HTTP/1.1" 200 13795 "" "saelmon" "-" rt=0.013 ua="127.0.0.1:9090" us="200" ut="0.013" ul="13775" cs=-
185.127.225.159 - p.metodlab.ru [27/May/2024:13:43:10 +0300] "GET /catalog/unisex/ROADS-I-AM-DANCE-50ml-parfume- HTTP/3.0" 200 6815 "https://p.metodlab.ru/brands/bogue_0434" "Mozilla/5.0 (Windows NT 10.0; Win64; x64) AppleWebKit/537.36 (KHTML, like Gecko) Chrome/122.0.0.0 YaBrowser/24.4.0.0 Safari/537.36" "-" rt=0.236 ua="127.0.0.1:9090" us="200" ut="0.236" ul="27665" cs=-
185.127.225.159 - p.metodlab.ru [27/May/2024:13:43:10 +0300] "GET /img/gallery/2024/5/Mon_May_27_13:42:41_2024/small/64645da6ce0eeb2dd269498a8174973a.jpg HTTP/3.0" 200 7521 "https://p.metodlab.ru/catalog/unisex/ROADS-I-AM-DANCE-50ml-parfume-" "Mozilla/5.0 (Windows NT 10.0; Win64; x64) AppleWebKit/537.36 (KHTML, like Gecko) Chrome/122.0.0.0 YaBrowser/24.4.0.0 Safari/537.36" "-" rt=0.000 ua="-" us="-" ut="-" ul="-" cs=-
185.127.225.159 - p.metodlab.ru [27/May/2024:13:43:10 +0300] "GET /img/captcha/21afe15990b815df2412401ba2795a75.png HTTP/3.0" 200 813 "https://p.metodlab.ru/catalog/unisex/ROADS-I-AM-DANCE-50ml-parfume-" "Mozilla/5.0 (Windows NT 10.0; Win64; x64) AppleWebKit/537.36 (KHTML, like Gecko) Chrome/122.0.0.0 YaBrowser/24.4.0.0 Safari/537.36" "-" rt=0.000 ua="-" us="-" ut="-" ul="-" cs=-
185.127.225.159 - p.metodlab.ru [27/May/2024:13:43:10 +0300] "GET /img/captcha/17af7530a9a977fb397ea8ba6c3ba3b6.png HTTP/3.0" 200 794 "https://p.metodlab.ru/catalog/unisex/ROADS-I-AM-DANCE-50ml-parfume-" "Mozilla/5.0 (Windows NT 10.0; Win64; x64) AppleWebKit/537.36 (KHTML, like Gecko) Chrome/122.0.0.0 YaBrowser/24.4.0.0 Safari/537.36" "-" rt=0.000 ua="-" us="-" ut="-" ul="-" cs=-
185.127.225.159 - p.metodlab.ru [27/May/2024:13:43:10 +0300] "POST /catalog/unisex/ROADS-I-AM-DANCE-50ml-parfume- HTTP/3.0" 200 57 "https://p.metodlab.ru/catalog/unisex/ROADS-I-AM-DANCE-50ml-parfume-" "Mozilla/5.0 (Windows NT 10.0; Win64; x64) AppleWebKit/537.36 (KHTML, like Gecko) Chrome/122.0.0.0 YaBrowser/24.4.0.0 Safari/537.36" "-" rt=0.165 ua="127.0.0.1:9090" us="200" ut="0.166" ul="62" cs=-
195.95.215.189 - msm.metodlab.ru [27/May/2024:13:43:41 +0300] "GET /pcgi/specoffers.pl?0.48266526490329786&st=62&id=1944 HTTP/2.0" 200 470 "https://msm.metodlab.ru/catalog/cat89/1944.shtml" "Mozilla/5.0 (Windows NT 10.0; Win64; x64) AppleWebKit/537.36 (KHTML, like Gecko) Chrome/122.0.0.0 YaBrowser/24.4.0.0 Safari/537.36" "-" rt=0.077 ua="127.0.0.1:9090" us="200" ut="0.077" ul="2038" cs=-
79.141.68.10 - 4site2.metodlab.ru [27/May/2024:13:44:19 +0300] "GET / HTTP/1.1" 200 13795 "" "saelmon" "-" rt=0.017 ua="127.0.0.1:9090" us="200" ut="0.016" ul="13775" cs=-
195.95.215.189 - msm.metodlab.ru [27/May/2024:13:44:41 +0300] "GET /pcgi/specoffers.pl?0.9573355021396781&st=63&id=1944 HTTP/2.0" 200 490 "https://msm.metodlab.ru/catalog/cat89/1944.shtml" "Mozilla/5.0 (Windows NT 10.0; Win64; x64) AppleWebKit/537.36 (KHTML, like Gecko) Chrome/122.0.0.0 YaBrowser/24.4.0.0 Safari/537.36" "-" rt=0.068 ua="127.0.0.1:9090" us="200" ut="0.068" ul="2010" cs=-
195.211.83.2 - rt.metodlab.ru [27/May/2024:13:44:43 +0300] "GET / HTTP/3.0" 200 10179 "https://rt.metodlab.ru/" "Mozilla/5.0 (X11; Linux x86_64) AppleWebKit/537.36 (KHTML, like Gecko) Chrome/125.0.0.0 Safari/537.36" "-" rt=0.127 ua="127.0.0.1:9090" us="200" ut="0.127" ul="80283" cs=-
213.180.203.25 - p.metodlab.ru [27/May/2024:13:45:02 +0300] "GET /catalog/unisex/ROADS-AFROPOLIS-50ml-parfume HTTP/1.1" 404 153 "-" "Mozilla/5.0 (compatible; YandexBot/3.0; +http://yandex.com/bots)" "-" rt=0.000 ua="-" us="-" ut="-" ul="-" cs=-
5.255.231.11 - p.metodlab.ru [27/May/2024:13:45:14 +0300] "GET /brands/roads_711 HTTP/1.1" 404 153 "-" "Mozilla/5.0 (compatible; YandexBot/3.0; +http://yandex.com/bots)" "-" rt=0.000 ua="-" us="-" ut="-" ul="-" cs=-
213.180.203.41 - p.metodlab.ru [27/May/2024:13:45:15 +0300] "GET /brands/by_kilian_143 HTTP/1.1" 404 153 "-" "Mozilla/5.0 (compatible; YandexBot/3.0; +http://yandex.com/bots)" "-" rt=0.000 ua="-" us="-" ut="-" ul="-" cs=-
213.180.203.36 - p.metodlab.ru [27/May/2024:13:45:15 +0300] "GET /catalog/unisex HTTP/1.1" 404 153 "-" "Mozilla/5.0 (compatible; YandexBot/3.0; +http://yandex.com/bots)" "-" rt=0.000 ua="-" us="-" ut="-" ul="-" cs=-
95.213.142.18 - 4site2.metodlab.ru [27/May/2024:13:45:30 +0300] "GET / HTTP/1.1" 200 13793 "" "saelmon" "-" rt=0.017 ua="127.0.0.1:9090" us="200" ut="0.017" ul="13773" cs=-
195.95.215.189 - msm.metodlab.ru [27/May/2024:13:45:41 +0300] "GET /pcgi/specoffers.pl?0.33343241912296495&st=64&id=1944 HTTP/2.0" 200 452 "https://msm.metodlab.ru/catalog/cat89/1944.shtml" "Mozilla/5.0 (Windows NT 10.0; Win64; x64) AppleWebKit/537.36 (KHTML, like Gecko) Chrome/122.0.0.0 YaBrowser/24.4.0.0 Safari/537.36" "-" rt=0.077 ua="127.0.0.1:9090" us="200" ut="0.077" ul="1963" cs=-
195.211.83.2 - rt.metodlab.ru [27/May/2024:13:46:05 +0300] "GET / HTTP/3.0" 200 10091 "https://rt.metodlab.ru/" "Mozilla/5.0 (X11; Linux x86_64) AppleWebKit/537.36 (KHTML, like Gecko) Chrome/125.0.0.0 Safari/537.36" "-" rt=0.184 ua="127.0.0.1:9090" us="200" ut="0.184" ul="55017" cs=-
80.93.185.34 - 4site2.metodlab.ru [27/May/2024:13:46:38 +0300] "GET / HTTP/1.1" 200 13795 "" "saelmon" "-" rt=0.019 ua="127.0.0.1:9090" us="200" ut="0.019" ul="13775" cs=-
195.95.215.189 - msm.metodlab.ru [27/May/2024:13:46:41 +0300] "GET /pcgi/specoffers.pl?0.8112823292472189&st=65&id=1944 HTTP/2.0" 200 466 "https://msm.metodlab.ru/catalog/cat89/1944.shtml" "Mozilla/5.0 (Windows NT 10.0; Win64; x64) AppleWebKit/537.36 (KHTML, like Gecko) Chrome/122.0.0.0 YaBrowser/24.4.0.0 Safari/537.36" "-" rt=0.077 ua="127.0.0.1:9090" us="200" ut="0.077" ul="1979" cs=-
195.211.83.2 - rt.metodlab.ru [27/May/2024:13:46:44 +0300] "GET / HTTP/3.0" 200 10181 "https://rt.metodlab.ru/" "Mozilla/5.0 (X11; Linux x86_64) AppleWebKit/537.36 (KHTML, like Gecko) Chrome/125.0.0.0 Safari/537.36" "-" rt=0.181 ua="127.0.0.1:9090" us="200" ut="0.180" ul="80281" cs=-
104.248.83.88 - 4site2.metodlab.ru [27/May/2024:13:47:13 +0300] "GET / HTTP/1.1" 200 13793 "" "saelmon" "-" rt=0.017 ua="127.0.0.1:9090" us="200" ut="0.017" ul="13773" cs=-
5.255.231.163 - p.metodlab.ru [27/May/2024:13:47:18 +0300] "GET / HTTP/1.1" 404 555 "-" "Mozilla/5.0 (compatible; YandexBot/3.0; +http://yandex.com/bots) AppleWebKit/537.36 (KHTML, like Gecko) Chrome/108.0.0.0" "-" rt=0.000 ua="-" us="-" ut="-" ul="-" cs=-
195.95.215.189 - msm.metodlab.ru [27/May/2024:13:47:41 +0300] "GET /pcgi/specoffers.pl?0.08463234419806431&st=66&id=1944 HTTP/2.0" 200 483 "https://msm.metodlab.ru/catalog/cat89/1944.shtml" "Mozilla/5.0 (Windows NT 10.0; Win64; x64) AppleWebKit/537.36 (KHTML, like Gecko) Chrome/122.0.0.0 YaBrowser/24.4.0.0 Safari/537.36" "-" rt=0.077 ua="127.0.0.1:9090" us="200" ut="0.077" ul="2001" cs=-
95.108.213.213 - p.metodlab.ru [27/May/2024:13:48:02 +0300] "GET /catalog/unisex/ROADS-CLUB-TOKYO-50ml-parfume- HTTP/1.1" 404 153 "-" "Mozilla/5.0 (compatible; YandexBot/3.0; +http://yandex.com/bots)" "-" rt=0.000 ua="-" us="-" ut="-" ul="-" cs=-
79.141.68.10 - 4site2.metodlab.ru [27/May/2024:13:48:08 +0300] "GET / HTTP/1.1" 200 13793 "" "saelmon" "-" rt=0.018 ua="127.0.0.1:9090" us="200" ut="0.017" ul="13773" cs=-
87.250.224.210 - p.metodlab.ru [27/May/2024:13:48:12 +0300] "GET /catalog/unisex/ROADS-END-GAME-50ml-parfume HTTP/1.1" 404 153 "-" "Mozilla/5.0 (compatible; YandexBot/3.0; +http://yandex.com/bots)" "-" rt=0.000 ua="-" us="-" ut="-" ul="-" cs=-
